

  1: /data/data/com.termux/files/usr/share/nvim/runtime/ftplugin.vim
  2: /data/data/com.termux/files/usr/share/nvim/runtime/indent.vim
  3: /data/data/com.termux/files/usr/share/nvim/sysinit.vim
  4: ~/.config/nvim/init.lua
  5: /data/data/com.termux/files/usr/share/nvim/runtime/filetype.lua
  6: ~/.local/share/nvim/lazy/Comment.nvim/plugin/Comment.lua
  7: ~/.local/share/nvim/lazy/gitsigns.nvim/plugin/gitsigns.lua
  8: ~/.local/share/nvim/lazy/plenary.nvim/plugin/plenary.vim
  9: ~/.local/share/nvim/lazy/telescope.nvim/plugin/telescope.lua
 10: ~/.local/share/nvim/lazy/nvim-web-devicons/plugin/nvim-web-devicons.vim
 11: ~/.local/share/nvim/lazy/vim-snippets/plugin/vimsnippets.vim
 12: ~/.local/share/nvim/lazy/nvim-tree.lua/plugin/nvim-tree.lua
 13: ~/.local/share/nvim/lazy/coc.nvim/plugin/coc.lua
 14: ~/.local/share/nvim/lazy/coc.nvim/plugin/coc.vim
 15: ~/.local/share/nvim/lazy/coc.nvim/autoload/coc/rpc.vim
 16: ~/.local/share/nvim/lazy/coc.nvim/autoload/coc/util.vim
 17: ~/.local/share/nvim/lazy/coc.nvim/autoload/coc/client.vim
 18: /data/data/com.termux/files/usr/share/nvim/runtime/plugin/editorconfig.lua
 19: /data/data/com.termux/files/usr/share/nvim/runtime/plugin/gzip.vim
 20: /data/data/com.termux/files/usr/share/nvim/runtime/plugin/man.lua
 21: /data/data/com.termux/files/usr/share/nvim/runtime/plugin/matchit.vim
 22: /data/data/com.termux/files/usr/share/nvim/runtime/pack/dist/opt/matchit/plugin/matchit.vim
 23: /data/data/com.termux/files/usr/share/nvim/runtime/plugin/matchparen.vim
 24: /data/data/com.termux/files/usr/share/nvim/runtime/plugin/netrwPlugin.vim
 25: /data/data/com.termux/files/usr/share/nvim/runtime/pack/dist/opt/netrw/plugin/netrwPlugin.vim
 26: /data/data/com.termux/files/usr/share/nvim/runtime/plugin/osc52.lua
 27: /data/data/com.termux/files/usr/share/nvim/runtime/plugin/rplugin.vim
 28: /data/data/com.termux/files/usr/share/nvim/runtime/plugin/shada.vim
 29: /data/data/com.termux/files/usr/share/nvim/runtime/plugin/spellfile.vim
 30: /data/data/com.termux/files/usr/share/nvim/runtime/plugin/tarPlugin.vim
 31: /data/data/com.termux/files/usr/share/nvim/runtime/plugin/tohtml.lua
 32: /data/data/com.termux/files/usr/share/nvim/runtime/plugin/tutor.vim
 33: /data/data/com.termux/files/usr/share/nvim/runtime/plugin/zipPlugin.vim
 34: ~/.config/nvim/settings.vim
 35: ~/.config/nvim/maps.vim
 36: ~/.config/nvim/coc.vim
 37: ~/.local/share/nvim/lazy/tokyonight.nvim/colors/tokyonight-night.lua
 38: ~/.local/share/nvim/lazy/coc.nvim/autoload/coc/hlgroup.vim
 39: ~/.local/share/nvim/lazy/coc.nvim/autoload/coc/color.vim
 40: /data/data/com.termux/files/usr/share/nvim/runtime/syntax/syntax.vim
 41: /data/data/com.termux/files/usr/share/nvim/runtime/syntax/synload.vim
 42: ~/.local/share/nvim/lazy/coc.nvim/autoload/coc/window.vim
 43: ~/.local/share/nvim/lazy/coc.nvim/autoload/coc/compat.vim
 44: /data/data/com.termux/files/usr/share/nvim/runtime/autoload/provider/clipboard.vim
 45: ~/.local/share/nvim/lazy/nvim-treesitter/plugin/filetypes.lua
 46: ~/.local/share/nvim/lazy/nvim-treesitter/plugin/nvim-treesitter.lua
 47: ~/.local/share/nvim/lazy/nvim-treesitter/plugin/query_predicates.lua
 48: ~/.local/share/nvim/lazy/dressing.nvim/plugin/dressing.lua
 49: ~/.local/share/nvim/lazy/avante.nvim/plugin/avante.lua
 50: ~/.local/share/nvim/lazy/coc.nvim/autoload/coc/float.vim
 51: ~/.local/share/nvim/lazy/coc.nvim/autoload/coc/ui.vim
